condition         target         base     tgt  beta  blanket     gate  apply  joint   cond
  pre-flight: richer host 0.9074 vs poorer 0.9074 -> cross-mask NOT applicable
full              hard         0.9074   0.844  0.18  -0.0001  +0.0001   0.67  0.002  0.003
full              cross_mask   0.9074   0.838  0.18  -0.0001  +0.0001   0.67  0.001  0.001
prot50            hard         0.8408   0.813  0.40  +0.0075  +0.0019   0.37  0.009  0.023
prot50            cross_mask   0.8408   0.810  0.40  +0.0054  +0.0013   0.37  0.009  0.023
prot25            hard         0.7049   0.752  0.83  +0.0723  +0.0740   0.37  0.061  0.164
prot25            cross_mask   0.7049   0.753  0.83  +0.0663  +0.0701   0.37  0.062  0.169
scaffold          hard         0.7792   0.817  0.65  +0.0587  +0.0504   0.33  0.022  0.065
scaffold          cross_mask   0.7792   0.817  0.65  +0.0551  +0.0474   0.34  0.020  0.059
scaffold_prot50   hard         0.7152   0.781  0.80  +0.0845  +0.0836   0.39  0.052  0.134
scaffold_prot50   cross_mask   0.7152   0.784  0.83  +0.0813  +0.0799   0.39  0.056  0.146

0/10 cells exceed the harm budget -> results/drugban_bindingdb_random_s42_pool-source/guard.csv
condition         target         base     tgt  beta  blanket     gate  apply  joint   cond
  pre-flight: richer host 0.9074 vs poorer 0.9074 -> cross-mask NOT applicable
full              hard         0.9074   0.844  0.18  -0.0001  +0.0001   0.67  0.002  0.003
full              cross_mask   0.9074   0.838  0.18  -0.0001  +0.0001   0.67  0.001  0.001
prot50            hard         0.8408   0.813  0.40  +0.0075  +0.0019   0.37  0.009  0.023
prot50            cross_mask   0.8408   0.810  0.40  +0.0054  +0.0013   0.37  0.009  0.023
prot25            hard         0.7049   0.752  0.83  +0.0723  +0.0740   0.37  0.061  0.164
prot25            cross_mask   0.7049   0.753  0.83  +0.0663  +0.0701   0.37  0.062  0.169
scaffold          hard         0.7792   0.817  0.65  +0.0587  +0.0504   0.33  0.022  0.065
scaffold          cross_mask   0.7792   0.817  0.65  +0.0551  +0.0474   0.34  0.020  0.059
scaffold_prot50   hard         0.7152   0.781  0.80  +0.0845  +0.0836   0.39  0.052  0.134
scaffold_prot50   cross_mask   0.7152   0.784  0.83  +0.0813  +0.0799   0.39  0.056  0.146

0/10 cells exceed the harm budget -> results/drugban_bindingdb_random_s42_pool-source/guard.csv
condition         target         base     tgt  beta  blanket     gate  apply  joint   cond
  pre-flight: richer host 0.9074 vs poorer 0.9074 -> cross-mask NOT applicable
full              hard         0.9074   0.844  0.18  -0.0001  +0.0001   0.67  0.002  0.003
full              cross_mask   0.9074   0.838  0.18  -0.0001  +0.0001   0.67  0.001  0.001
prot50            hard         0.8408   0.813  0.40  +0.0075  +0.0019   0.37  0.009  0.023
prot50            cross_mask   0.8408   0.810  0.40  +0.0054  +0.0013   0.37  0.009  0.023
prot25            hard         0.7049   0.752  0.83  +0.0723  +0.0740   0.37  0.061  0.164
prot25            cross_mask   0.7049   0.753  0.83  +0.0663  +0.0701   0.37  0.062  0.169
scaffold          hard         0.7792   0.817  0.65  +0.0587  +0.0504   0.33  0.022  0.065
scaffold          cross_mask   0.7792   0.817  0.65  +0.0551  +0.0474   0.34  0.020  0.059
scaffold_prot50   hard         0.7152   0.781  0.80  +0.0845  +0.0836   0.39  0.052  0.134
scaffold_prot50   cross_mask   0.7152   0.784  0.83  +0.0813  +0.0799   0.39  0.056  0.146

0/10 cells exceed the harm budget -> results/drugban_bindingdb_random_s42_pool-source/guard.csv
