condition         target         base     tgt  beta  blanket     gate  apply  joint   cond
  pre-flight: richer host 0.9054 vs poorer 0.9054 -> cross-mask NOT applicable
full              hard         0.9054   0.849  0.28  +0.0015  -0.0001   0.48  0.002  0.003
full              cross_mask   0.9054   0.851  0.28  +0.0016  +0.0000   0.48  0.001  0.002
prot50            hard         0.8255   0.814  0.45  +0.0186  +0.0048   0.29  0.005  0.017
prot50            cross_mask   0.8255   0.817  0.45  +0.0185  +0.0051   0.29  0.005  0.017
prot25            hard         0.6483   0.757  0.90  +0.1294  +0.1328   0.46  0.099  0.216
prot25            cross_mask   0.6483   0.759  0.90  +0.1302  +0.1319   0.45  0.095  0.212
scaffold          hard         0.7843   0.814  0.68  +0.0524  +0.0504   0.35  0.022  0.062
scaffold          cross_mask   0.7843   0.817  0.68  +0.0522  +0.0523   0.35  0.021  0.061
scaffold_prot50   hard         0.7164   0.784  0.75  +0.0924  +0.0924   0.38  0.052  0.137
scaffold_prot50   cross_mask   0.7164   0.787  0.75  +0.0901  +0.0898   0.38  0.052  0.135

0/10 cells exceed the harm budget -> results/drugban_bindingdb_random_s2_pool-source/guard.csv
condition         target         base     tgt  beta  blanket     gate  apply  joint   cond
  pre-flight: richer host 0.9054 vs poorer 0.9054 -> cross-mask NOT applicable
full              hard         0.9054   0.849  0.28  +0.0015  -0.0001   0.48  0.002  0.003
full              cross_mask   0.9054   0.851  0.28  +0.0016  +0.0000   0.48  0.001  0.002
prot50            hard         0.8255   0.814  0.45  +0.0186  +0.0048   0.29  0.005  0.017
prot50            cross_mask   0.8255   0.817  0.45  +0.0185  +0.0051   0.29  0.005  0.017
prot25            hard         0.6483   0.757  0.90  +0.1294  +0.1328   0.46  0.099  0.216
prot25            cross_mask   0.6483   0.759  0.90  +0.1302  +0.1319   0.45  0.095  0.212
scaffold          hard         0.7843   0.814  0.68  +0.0524  +0.0504   0.35  0.022  0.062
scaffold          cross_mask   0.7843   0.817  0.68  +0.0522  +0.0523   0.35  0.021  0.061
scaffold_prot50   hard         0.7164   0.784  0.75  +0.0924  +0.0924   0.38  0.052  0.137
scaffold_prot50   cross_mask   0.7164   0.787  0.75  +0.0901  +0.0898   0.38  0.052  0.135

0/10 cells exceed the harm budget -> results/drugban_bindingdb_random_s2_pool-source/guard.csv
condition         target         base     tgt  beta  blanket     gate  apply  joint   cond
  pre-flight: richer host 0.9054 vs poorer 0.9054 -> cross-mask NOT applicable
full              hard         0.9054   0.849  0.28  +0.0015  -0.0001   0.48  0.002  0.003
full              cross_mask   0.9054   0.851  0.28  +0.0016  +0.0000   0.48  0.001  0.002
prot50            hard         0.8255   0.814  0.45  +0.0186  +0.0048   0.29  0.005  0.017
prot50            cross_mask   0.8255   0.817  0.45  +0.0185  +0.0051   0.29  0.005  0.017
prot25            hard         0.6483   0.757  0.90  +0.1294  +0.1328   0.46  0.099  0.216
prot25            cross_mask   0.6483   0.759  0.90  +0.1302  +0.1319   0.45  0.095  0.212
scaffold          hard         0.7843   0.814  0.68  +0.0524  +0.0504   0.35  0.022  0.062
scaffold          cross_mask   0.7843   0.817  0.68  +0.0522  +0.0523   0.35  0.021  0.061
scaffold_prot50   hard         0.7164   0.784  0.75  +0.0924  +0.0924   0.38  0.052  0.137
scaffold_prot50   cross_mask   0.7164   0.787  0.75  +0.0901  +0.0898   0.38  0.052  0.135

0/10 cells exceed the harm budget -> results/drugban_bindingdb_random_s2_pool-source/guard.csv
