condition         target         base     tgt  beta  blanket     gate  apply  joint   cond
  pre-flight: richer host 0.8331 vs poorer 0.8331 -> cross-mask NOT applicable
full              hard         0.8331   0.786  0.50  +0.0011  -0.0002   0.32  0.010  0.032
full              cross_mask   0.8331   0.785  0.53  +0.0004  +0.0000   0.32  0.011  0.033
prot50            hard         0.7222   0.764  0.80  +0.0663  +0.0664   0.36  0.069  0.193
prot50            cross_mask   0.7222   0.762  0.83  +0.0632  +0.0632   0.36  0.077  0.213
prot25            hard         0.5514   0.712  0.98  +0.1611  +0.1598   0.39  0.096  0.250
prot25            cross_mask   0.5514   0.707  0.98  +0.1582  +0.1589   0.38  0.096  0.251
scaffold          hard         0.7453   0.756  0.70  +0.0282  +0.0251   0.28  0.035  0.124
scaffold          cross_mask   0.7453   0.756  0.70  +0.0268  +0.0237   0.29  0.038  0.131
scaffold_prot50   hard         0.6730   0.735  0.85  +0.0737  +0.0725   0.33  0.069  0.213
scaffold_prot50   cross_mask   0.6730   0.735  0.85  +0.0730  +0.0721   0.33  0.068  0.206

0/10 cells exceed the harm budget -> results/drugban_biosnap_random_s42_pool-source/guard.csv
condition         target         base     tgt  beta  blanket     gate  apply  joint   cond
  pre-flight: richer host 0.8331 vs poorer 0.8331 -> cross-mask NOT applicable
full              hard         0.8331   0.786  0.50  +0.0011  -0.0002   0.32  0.010  0.032
full              cross_mask   0.8331   0.785  0.53  +0.0004  +0.0000   0.32  0.011  0.033
prot50            hard         0.7222   0.764  0.80  +0.0663  +0.0664   0.36  0.069  0.193
prot50            cross_mask   0.7222   0.762  0.83  +0.0632  +0.0632   0.36  0.077  0.213
prot25            hard         0.5514   0.712  0.98  +0.1611  +0.1598   0.39  0.096  0.250
prot25            cross_mask   0.5514   0.707  0.98  +0.1582  +0.1589   0.38  0.096  0.251
scaffold          hard         0.7453   0.756  0.70  +0.0282  +0.0251   0.28  0.035  0.124
scaffold          cross_mask   0.7453   0.756  0.70  +0.0268  +0.0237   0.29  0.038  0.131
scaffold_prot50   hard         0.6730   0.735  0.85  +0.0737  +0.0725   0.33  0.069  0.213
scaffold_prot50   cross_mask   0.6730   0.735  0.85  +0.0730  +0.0721   0.33  0.068  0.206

0/10 cells exceed the harm budget -> results/drugban_biosnap_random_s42_pool-source/guard.csv
condition         target         base     tgt  beta  blanket     gate  apply  joint   cond
  pre-flight: richer host 0.8331 vs poorer 0.8331 -> cross-mask NOT applicable
full              hard         0.8331   0.786  0.50  +0.0011  -0.0002   0.32  0.010  0.032
full              cross_mask   0.8331   0.785  0.53  +0.0004  +0.0000   0.32  0.011  0.033
prot50            hard         0.7222   0.764  0.80  +0.0663  +0.0664   0.36  0.069  0.193
prot50            cross_mask   0.7222   0.762  0.83  +0.0632  +0.0632   0.36  0.077  0.213
prot25            hard         0.5514   0.712  0.98  +0.1611  +0.1598   0.39  0.096  0.250
prot25            cross_mask   0.5514   0.707  0.98  +0.1582  +0.1589   0.38  0.096  0.251
scaffold          hard         0.7453   0.756  0.70  +0.0282  +0.0251   0.28  0.035  0.124
scaffold          cross_mask   0.7453   0.756  0.70  +0.0268  +0.0237   0.29  0.038  0.131
scaffold_prot50   hard         0.6730   0.735  0.85  +0.0737  +0.0725   0.33  0.069  0.213
scaffold_prot50   cross_mask   0.6730   0.735  0.85  +0.0730  +0.0721   0.33  0.068  0.206

0/10 cells exceed the harm budget -> results/drugban_biosnap_random_s42_pool-source/guard.csv
