condition         target         base     tgt  beta  blanket     gate  apply  joint   cond
  pre-flight: richer host 0.8287 vs poorer 0.8287 -> cross-mask NOT applicable
full              hard         0.8287   0.791  0.53  +0.0047  +0.0015   0.33  0.011  0.034
full              cross_mask   0.8287   0.788  0.53  +0.0040  +0.0016   0.32  0.010  0.032
prot50            hard         0.7380   0.768  0.73  +0.0524  +0.0517   0.29  0.036  0.124
prot50            cross_mask   0.7380   0.765  0.73  +0.0504  +0.0493   0.28  0.036  0.126
prot25            hard         0.5840   0.710  0.95  +0.1300  +0.1347   0.37  0.087  0.238
prot25            cross_mask   0.5840   0.710  0.95  +0.1276  +0.1314   0.36  0.085  0.238
scaffold          hard         0.7488   0.761  0.73  +0.0293  +0.0293   0.33  0.050  0.154
scaffold          cross_mask   0.7488   0.761  0.73  +0.0291  +0.0288   0.31  0.046  0.147
scaffold_prot50   hard         0.6774   0.743  0.83  +0.0768  +0.0772   0.35  0.066  0.189
scaffold_prot50   cross_mask   0.6774   0.744  0.83  +0.0746  +0.0743   0.33  0.063  0.190

0/10 cells exceed the harm budget -> results/drugban_biosnap_random_s2_pool-source/guard.csv
condition         target         base     tgt  beta  blanket     gate  apply  joint   cond
  pre-flight: richer host 0.8287 vs poorer 0.8287 -> cross-mask NOT applicable
full              hard         0.8287   0.791  0.53  +0.0047  +0.0015   0.33  0.011  0.034
full              cross_mask   0.8287   0.788  0.53  +0.0040  +0.0016   0.32  0.010  0.032
prot50            hard         0.7380   0.768  0.73  +0.0524  +0.0517   0.29  0.036  0.124
prot50            cross_mask   0.7380   0.765  0.73  +0.0504  +0.0493   0.28  0.036  0.126
prot25            hard         0.5840   0.710  0.95  +0.1300  +0.1347   0.37  0.087  0.238
prot25            cross_mask   0.5840   0.710  0.95  +0.1276  +0.1314   0.36  0.085  0.238
scaffold          hard         0.7488   0.761  0.73  +0.0293  +0.0293   0.33  0.050  0.154
scaffold          cross_mask   0.7488   0.761  0.73  +0.0291  +0.0288   0.31  0.046  0.147
scaffold_prot50   hard         0.6774   0.743  0.83  +0.0768  +0.0772   0.35  0.066  0.189
scaffold_prot50   cross_mask   0.6774   0.744  0.83  +0.0746  +0.0743   0.33  0.063  0.190

0/10 cells exceed the harm budget -> results/drugban_biosnap_random_s2_pool-source/guard.csv
condition         target         base     tgt  beta  blanket     gate  apply  joint   cond
  pre-flight: richer host 0.8287 vs poorer 0.8287 -> cross-mask NOT applicable
full              hard         0.8287   0.791  0.53  +0.0047  +0.0015   0.33  0.011  0.034
full              cross_mask   0.8287   0.788  0.53  +0.0040  +0.0016   0.32  0.010  0.032
prot50            hard         0.7380   0.768  0.73  +0.0524  +0.0517   0.29  0.036  0.124
prot50            cross_mask   0.7380   0.765  0.73  +0.0504  +0.0493   0.28  0.036  0.126
prot25            hard         0.5840   0.710  0.95  +0.1300  +0.1347   0.37  0.087  0.238
prot25            cross_mask   0.5840   0.710  0.95  +0.1276  +0.1314   0.36  0.085  0.238
scaffold          hard         0.7488   0.761  0.73  +0.0293  +0.0293   0.33  0.050  0.154
scaffold          cross_mask   0.7488   0.761  0.73  +0.0291  +0.0288   0.31  0.046  0.147
scaffold_prot50   hard         0.6774   0.743  0.83  +0.0768  +0.0772   0.35  0.066  0.189
scaffold_prot50   cross_mask   0.6774   0.744  0.83  +0.0746  +0.0743   0.33  0.063  0.190

0/10 cells exceed the harm budget -> results/drugban_biosnap_random_s2_pool-source/guard.csv
