condition         target         base     tgt  beta  blanket     gate  apply  joint   cond
  pre-flight: richer host 0.5579 vs poorer 0.5579 -> cross-mask NOT applicable
full              hard         0.5579   0.584  0.55  +0.0452  +0.0221   0.48  0.105  0.218
full              cross_mask   0.5579   0.488  0.58  -0.0386  -0.0044   0.45  0.025  0.057
prot50            hard         0.5303   0.559  0.73  +0.0617  +0.0606   0.42  0.098  0.234
prot50            cross_mask   0.5303   0.494  1.00  -0.0364  -0.0077   0.23  0.040  0.170
prot25            hard         0.5039   0.587  0.78  +0.0794  +0.0617   0.32  0.079  0.247
prot25            cross_mask   0.5039   0.493  1.00  -0.0110  -0.0066   0.11  0.025  0.237
scaffold          hard         0.5413   0.590  0.55  +0.0397  +0.0254   0.43  0.082  0.188
scaffold          cross_mask   0.5413   0.502  0.58  -0.0254  -0.0033   0.45  0.017  0.037
scaffold_prot50   hard         0.5028   0.574  0.70  +0.0794  +0.0408   0.36  0.093  0.259
scaffold_prot50   cross_mask   0.5028   0.501  1.00  -0.0022  -0.0033   0.22  0.050  0.230

0/10 cells exceed the harm budget -> results/drugban_biosnap_cluster_s1_pool-deployment/guard.csv
condition         target         base     tgt  beta  blanket     gate  apply  joint   cond
  pre-flight: richer host 0.5579 vs poorer 0.5579 -> cross-mask NOT applicable
full              hard         0.5579   0.584  0.55  +0.0452  +0.0221   0.48  0.105  0.218
full              cross_mask   0.5579   0.488  0.58  -0.0386  -0.0044   0.45  0.025  0.057
prot50            hard         0.5303   0.559  0.73  +0.0617  +0.0606   0.42  0.098  0.234
prot50            cross_mask   0.5303   0.494  1.00  -0.0364  -0.0077   0.23  0.040  0.170
prot25            hard         0.5039   0.587  0.78  +0.0794  +0.0617   0.32  0.079  0.247
prot25            cross_mask   0.5039   0.493  1.00  -0.0110  -0.0066   0.11  0.025  0.237
scaffold          hard         0.5413   0.590  0.55  +0.0397  +0.0254   0.43  0.082  0.188
scaffold          cross_mask   0.5413   0.502  0.58  -0.0254  -0.0033   0.45  0.017  0.037
scaffold_prot50   hard         0.5028   0.574  0.70  +0.0794  +0.0397   0.36  0.093  0.260
scaffold_prot50   cross_mask   0.5028   0.501  1.00  -0.0022  -0.0033   0.22  0.050  0.230

0/10 cells exceed the harm budget -> results/drugban_biosnap_cluster_s1_pool-deployment/guard.csv
condition         target         base     tgt  beta  blanket     gate  apply  joint   cond
  pre-flight: richer host 0.5579 vs poorer 0.5579 -> cross-mask NOT applicable
full              hard         0.5579   0.584  0.55  +0.0452  +0.0221   0.48  0.105  0.218
full              cross_mask   0.5579   0.488  0.58  -0.0386  -0.0044   0.45  0.025  0.057
prot50            hard         0.5303   0.559  0.73  +0.0617  +0.0606   0.42  0.098  0.234
prot50            cross_mask   0.5303   0.494  1.00  -0.0364  -0.0077   0.23  0.040  0.170
prot25            hard         0.5039   0.587  0.78  +0.0794  +0.0617   0.32  0.079  0.247
prot25            cross_mask   0.5039   0.493  1.00  -0.0110  -0.0066   0.11  0.025  0.237
scaffold          hard         0.5413   0.590  0.55  +0.0397  +0.0254   0.43  0.082  0.188
scaffold          cross_mask   0.5413   0.502  0.58  -0.0254  -0.0033   0.45  0.017  0.037
scaffold_prot50   hard         0.5028   0.574  0.70  +0.0794  +0.0408   0.36  0.093  0.259
scaffold_prot50   cross_mask   0.5028   0.501  1.00  -0.0022  -0.0033   0.22  0.050  0.230

0/10 cells exceed the harm budget -> results/drugban_biosnap_cluster_s1_pool-deployment/guard.csv
