condition         target         base     tgt  beta  blanket     gate  apply  joint   cond
  pre-flight: richer host 0.5579 vs poorer 0.5579 -> cross-mask NOT applicable
full              hard         0.5579   0.571  0.58  +0.0132  +0.0077   0.48  0.112  0.234
full              cross_mask   0.5579   0.564  0.90  +0.0077  -0.0011   0.39  0.072  0.183
prot50            hard         0.5303   0.561  0.80  +0.0309  +0.0198   0.40  0.127  0.320
prot50            cross_mask   0.5303   0.569  1.00  +0.0386  +0.0099   0.31  0.088  0.283
prot25            hard         0.5039   0.559  0.85  +0.0595  +0.0176   0.36  0.138  0.379
prot25            cross_mask   0.5039   0.561  1.00  +0.0573  +0.0209   0.27  0.093  0.349
scaffold          hard         0.5413   0.542  0.53  -0.0044  -0.0099   0.55  0.092  0.167
scaffold          cross_mask   0.5413   0.551  1.00  +0.0099  +0.0088   0.35  0.053  0.152
scaffold_prot50   hard         0.5028   0.580  0.88  +0.0816  +0.0364   0.38  0.103  0.273
scaffold_prot50   cross_mask   0.5028   0.552  1.00  +0.0496  +0.0386   0.25  0.064  0.259

0/10 cells exceed the harm budget -> results/drugban_biosnap_cluster_s1_pool-source/guard.csv
condition         target         base     tgt  beta  blanket     gate  apply  joint   cond
  pre-flight: richer host 0.5579 vs poorer 0.5579 -> cross-mask NOT applicable
full              hard         0.5579   0.571  0.58  +0.0132  +0.0077   0.48  0.112  0.234
full              cross_mask   0.5579   0.564  0.90  +0.0077  -0.0011   0.39  0.072  0.183
prot50            hard         0.5303   0.561  0.80  +0.0309  +0.0198   0.40  0.127  0.320
prot50            cross_mask   0.5303   0.569  1.00  +0.0386  +0.0099   0.31  0.088  0.283
prot25            hard         0.5039   0.559  0.85  +0.0595  +0.0176   0.36  0.138  0.379
prot25            cross_mask   0.5039   0.561  1.00  +0.0573  +0.0209   0.27  0.093  0.349
scaffold          hard         0.5413   0.542  0.53  -0.0044  -0.0099   0.55  0.092  0.167
scaffold          cross_mask   0.5413   0.551  1.00  +0.0099  +0.0088   0.35  0.053  0.152
scaffold_prot50   hard         0.5028   0.580  0.88  +0.0816  +0.0364   0.38  0.103  0.273
scaffold_prot50   cross_mask   0.5028   0.552  1.00  +0.0496  +0.0386   0.25  0.064  0.259

0/10 cells exceed the harm budget -> results/drugban_biosnap_cluster_s1_pool-source/guard.csv
condition         target         base     tgt  beta  blanket     gate  apply  joint   cond
  pre-flight: richer host 0.5579 vs poorer 0.5579 -> cross-mask NOT applicable
full              hard         0.5579   0.571  0.58  +0.0132  +0.0077   0.48  0.112  0.234
full              cross_mask   0.5579   0.564  0.90  +0.0077  -0.0011   0.39  0.072  0.183
prot50            hard         0.5303   0.561  0.80  +0.0309  +0.0198   0.40  0.127  0.320
prot50            cross_mask   0.5303   0.569  1.00  +0.0386  +0.0099   0.31  0.088  0.283
prot25            hard         0.5039   0.559  0.85  +0.0595  +0.0176   0.36  0.138  0.379
prot25            cross_mask   0.5039   0.561  1.00  +0.0573  +0.0209   0.27  0.093  0.349
scaffold          hard         0.5413   0.542  0.53  -0.0044  -0.0099   0.55  0.092  0.167
scaffold          cross_mask   0.5413   0.551  1.00  +0.0099  +0.0088   0.35  0.053  0.152
scaffold_prot50   hard         0.5028   0.580  0.88  +0.0816  +0.0364   0.38  0.103  0.273
scaffold_prot50   cross_mask   0.5028   0.552  1.00  +0.0496  +0.0386   0.25  0.064  0.259

0/10 cells exceed the harm budget -> results/drugban_biosnap_cluster_s1_pool-source/guard.csv
