condition         target         base     tgt  beta  blanket     gate  apply  joint   cond
  pre-flight: richer host 0.5733 vs poorer 0.5733 -> cross-mask NOT applicable
full              hard         0.5733   0.582  0.68  +0.0209  +0.0088   0.41  0.092  0.222
full              cross_mask   0.5733   0.544  0.58  -0.0099  -0.0022   0.38  0.023  0.061
prot50            hard         0.5458   0.583  0.68  +0.0154  +0.0011   0.31  0.089  0.287
prot50            cross_mask   0.5458   0.519  0.93  -0.0187  +0.0022   0.21  0.010  0.048
prot25            hard         0.5094   0.570  0.73  +0.0662  +0.0496   0.23  0.067  0.289
prot25            cross_mask   0.5094   0.521  1.00  +0.0121  +0.0011   0.07  0.008  0.119
scaffold          hard         0.5601   0.560  0.60  +0.0320  +0.0221   0.35  0.092  0.263
scaffold          cross_mask   0.5601   0.493  0.60  -0.0353  +0.0000   0.30  0.010  0.033
scaffold_prot50   hard         0.5138   0.564  0.68  +0.0496  +0.0364   0.26  0.075  0.291
scaffold_prot50   cross_mask   0.5138   0.494  1.00  -0.0198  -0.0099   0.11  0.024  0.218

0/10 cells exceed the harm budget -> results/drugban_biosnap_cluster_s2_pool-deployment/guard.csv
condition         target         base     tgt  beta  blanket     gate  apply  joint   cond
  pre-flight: richer host 0.5733 vs poorer 0.5733 -> cross-mask NOT applicable
full              hard         0.5733   0.582  0.68  +0.0209  +0.0088   0.41  0.092  0.222
full              cross_mask   0.5733   0.544  0.58  -0.0099  -0.0022   0.38  0.023  0.061
prot50            hard         0.5458   0.583  0.68  +0.0154  +0.0011   0.31  0.089  0.287
prot50            cross_mask   0.5458   0.519  0.93  -0.0187  +0.0022   0.21  0.010  0.048
prot25            hard         0.5094   0.570  0.73  +0.0662  +0.0496   0.23  0.067  0.289
prot25            cross_mask   0.5094   0.521  1.00  +0.0121  +0.0011   0.07  0.008  0.119
scaffold          hard         0.5601   0.560  0.60  +0.0320  +0.0221   0.35  0.092  0.263
scaffold          cross_mask   0.5601   0.493  0.60  -0.0353  +0.0000   0.30  0.010  0.033
scaffold_prot50   hard         0.5138   0.564  0.68  +0.0496  +0.0364   0.26  0.075  0.291
scaffold_prot50   cross_mask   0.5138   0.494  1.00  -0.0198  -0.0099   0.11  0.024  0.218

0/10 cells exceed the harm budget -> results/drugban_biosnap_cluster_s2_pool-deployment/guard.csv
condition         target         base     tgt  beta  blanket     gate  apply  joint   cond
  pre-flight: richer host 0.5733 vs poorer 0.5733 -> cross-mask NOT applicable
full              hard         0.5733   0.582  0.68  +0.0209  +0.0088   0.41  0.092  0.222
full              cross_mask   0.5733   0.544  0.58  -0.0099  -0.0022   0.38  0.023  0.061
prot50            hard         0.5458   0.583  0.68  +0.0154  +0.0011   0.31  0.089  0.287
prot50            cross_mask   0.5458   0.519  0.93  -0.0187  +0.0022   0.21  0.010  0.048
prot25            hard         0.5094   0.570  0.73  +0.0662  +0.0496   0.23  0.067  0.289
prot25            cross_mask   0.5094   0.521  1.00  +0.0121  +0.0011   0.07  0.008  0.119
scaffold          hard         0.5601   0.560  0.60  +0.0320  +0.0221   0.35  0.092  0.263
scaffold          cross_mask   0.5601   0.493  0.60  -0.0353  +0.0000   0.30  0.010  0.033
scaffold_prot50   hard         0.5138   0.564  0.68  +0.0496  +0.0364   0.26  0.075  0.291
scaffold_prot50   cross_mask   0.5138   0.494  1.00  -0.0198  -0.0099   0.11  0.024  0.218

0/10 cells exceed the harm budget -> results/drugban_biosnap_cluster_s2_pool-deployment/guard.csv
