condition         target         base     tgt  beta  blanket     gate  apply  joint   cond
  pre-flight: richer host 0.5369 vs poorer 0.5369 -> cross-mask NOT applicable
full              hard         0.5369   0.588  0.80  +0.0485  +0.0143   0.39  0.097  0.249
full              cross_mask   0.5369   0.562  1.00  +0.0254  +0.0088   0.39  0.069  0.177
prot50            hard         0.4961   0.587  0.93  +0.0948  +0.0662   0.32  0.099  0.306
prot50            cross_mask   0.4961   0.563  1.00  +0.0673  +0.0463   0.27  0.080  0.302
prot25            hard         0.5017   0.568  0.95  +0.0706  +0.0573   0.23  0.078  0.340
prot25            cross_mask   0.5017   0.561  1.00  +0.0595  +0.0452   0.16  0.056  0.342
scaffold          hard         0.5799   0.580  0.70  +0.0044  -0.0022   0.38  0.087  0.229
scaffold          cross_mask   0.5799   0.568  1.00  -0.0121  +0.0044   0.45  0.057  0.128
scaffold_prot50   hard         0.4950   0.572  0.90  +0.0849  +0.0562   0.34  0.093  0.270
scaffold_prot50   cross_mask   0.4950   0.567  1.00  +0.0717  +0.0397   0.30  0.084  0.280

0/10 cells exceed the harm budget -> results/drugban_biosnap_cluster_s42_pool-source/guard.csv
condition         target         base     tgt  beta  blanket     gate  apply  joint   cond
  pre-flight: richer host 0.5369 vs poorer 0.5369 -> cross-mask NOT applicable
full              hard         0.5369   0.588  0.80  +0.0485  +0.0143   0.39  0.097  0.249
full              cross_mask   0.5369   0.562  1.00  +0.0254  +0.0088   0.39  0.069  0.177
prot50            hard         0.4961   0.587  0.93  +0.0948  +0.0662   0.32  0.099  0.306
prot50            cross_mask   0.4961   0.563  1.00  +0.0673  +0.0463   0.27  0.080  0.302
prot25            hard         0.5017   0.568  0.95  +0.0706  +0.0573   0.23  0.078  0.340
prot25            cross_mask   0.5017   0.561  1.00  +0.0595  +0.0452   0.16  0.056  0.342
scaffold          hard         0.5799   0.580  0.70  +0.0044  -0.0022   0.38  0.087  0.229
scaffold          cross_mask   0.5799   0.568  1.00  -0.0121  +0.0044   0.45  0.057  0.128
scaffold_prot50   hard         0.4950   0.572  0.90  +0.0849  +0.0562   0.34  0.093  0.270
scaffold_prot50   cross_mask   0.4950   0.567  1.00  +0.0717  +0.0397   0.30  0.084  0.280

0/10 cells exceed the harm budget -> results/drugban_biosnap_cluster_s42_pool-source/guard.csv
condition         target         base     tgt  beta  blanket     gate  apply  joint   cond
  pre-flight: richer host 0.5369 vs poorer 0.5369 -> cross-mask NOT applicable
full              hard         0.5369   0.588  0.80  +0.0485  +0.0143   0.39  0.097  0.249
full              cross_mask   0.5369   0.562  1.00  +0.0254  +0.0088   0.39  0.069  0.177
prot50            hard         0.4961   0.587  0.93  +0.0948  +0.0662   0.32  0.099  0.306
prot50            cross_mask   0.4961   0.563  1.00  +0.0673  +0.0463   0.27  0.080  0.302
prot25            hard         0.5017   0.568  0.95  +0.0706  +0.0573   0.23  0.078  0.340
prot25            cross_mask   0.5017   0.561  1.00  +0.0595  +0.0452   0.16  0.056  0.342
scaffold          hard         0.5799   0.580  0.70  +0.0044  -0.0022   0.38  0.087  0.229
scaffold          cross_mask   0.5799   0.568  1.00  -0.0121  +0.0044   0.45  0.057  0.128
scaffold_prot50   hard         0.4950   0.572  0.90  +0.0849  +0.0562   0.34  0.093  0.270
scaffold_prot50   cross_mask   0.4950   0.567  1.00  +0.0717  +0.0397   0.30  0.084  0.280

0/10 cells exceed the harm budget -> results/drugban_biosnap_cluster_s42_pool-source/guard.csv
