condition         target         base     tgt  beta  blanket     gate  apply  joint   cond
  pre-flight: richer host 0.5369 vs poorer 0.5369 -> cross-mask NOT applicable
full              hard         0.5369   0.571  0.75  +0.0320  +0.0132   0.37  0.100  0.272
full              cross_mask   0.5369   0.537  0.80  +0.0000  -0.0055   0.34  0.055  0.163
prot50            hard         0.4961   0.573  0.83  +0.0860  +0.0695   0.29  0.092  0.311
prot50            cross_mask   0.4961   0.536  1.00  +0.0397  +0.0022   0.13  0.043  0.322
prot25            hard         0.5017   0.563  0.85  +0.0639  +0.0573   0.23  0.084  0.357
prot25            cross_mask   0.5017   0.529  1.00  +0.0276  -0.0011   0.06  0.029  0.448
scaffold          hard         0.5799   0.556  0.73  +0.0044  +0.0044   0.36  0.073  0.204
scaffold          cross_mask   0.5799   0.514  0.75  -0.0485  -0.0022   0.38  0.056  0.149
scaffold_prot50   hard         0.4950   0.563  0.83  +0.0695  +0.0584   0.31  0.096  0.309
scaffold_prot50   cross_mask   0.4950   0.519  1.00  +0.0243  +0.0022   0.17  0.052  0.299

0/10 cells exceed the harm budget -> results/drugban_biosnap_cluster_s42_pool-deployment/guard.csv
condition         target         base     tgt  beta  blanket     gate  apply  joint   cond
  pre-flight: richer host 0.5369 vs poorer 0.5369 -> cross-mask NOT applicable
full              hard         0.5369   0.571  0.75  +0.0320  +0.0132   0.37  0.100  0.272
full              cross_mask   0.5369   0.537  0.80  +0.0000  -0.0055   0.34  0.055  0.163
prot50            hard         0.4961   0.573  0.83  +0.0860  +0.0695   0.29  0.092  0.311
prot50            cross_mask   0.4961   0.536  1.00  +0.0397  +0.0022   0.13  0.043  0.322
prot25            hard         0.5017   0.563  0.85  +0.0639  +0.0573   0.23  0.084  0.357
prot25            cross_mask   0.5017   0.529  1.00  +0.0276  -0.0011   0.06  0.029  0.448
scaffold          hard         0.5799   0.556  0.73  +0.0044  +0.0044   0.36  0.073  0.204
scaffold          cross_mask   0.5799   0.514  0.75  -0.0485  -0.0022   0.38  0.056  0.149
scaffold_prot50   hard         0.4950   0.563  0.83  +0.0695  +0.0584   0.31  0.096  0.309
scaffold_prot50   cross_mask   0.4950   0.519  1.00  +0.0243  +0.0022   0.17  0.052  0.299

0/10 cells exceed the harm budget -> results/drugban_biosnap_cluster_s42_pool-deployment/guard.csv
condition         target         base     tgt  beta  blanket     gate  apply  joint   cond
  pre-flight: richer host 0.5369 vs poorer 0.5369 -> cross-mask NOT applicable
full              hard         0.5369   0.571  0.75  +0.0320  +0.0132   0.37  0.100  0.272
full              cross_mask   0.5369   0.537  0.80  +0.0000  -0.0055   0.34  0.055  0.163
prot50            hard         0.4961   0.573  0.83  +0.0860  +0.0695   0.29  0.092  0.311
prot50            cross_mask   0.4961   0.536  1.00  +0.0397  +0.0022   0.13  0.043  0.322
prot25            hard         0.5017   0.563  0.85  +0.0639  +0.0573   0.23  0.084  0.357
prot25            cross_mask   0.5017   0.529  1.00  +0.0276  -0.0011   0.06  0.029  0.448
scaffold          hard         0.5799   0.556  0.73  +0.0044  +0.0044   0.36  0.073  0.204
scaffold          cross_mask   0.5799   0.514  0.75  -0.0485  -0.0022   0.38  0.056  0.149
scaffold_prot50   hard         0.4950   0.563  0.83  +0.0695  +0.0584   0.31  0.096  0.309
scaffold_prot50   cross_mask   0.4950   0.519  1.00  +0.0243  +0.0022   0.17  0.052  0.299

0/10 cells exceed the harm budget -> results/drugban_biosnap_cluster_s42_pool-deployment/guard.csv
