condition         target         base     tgt  beta  blanket     gate  apply  joint   cond
  pre-flight: richer host 0.9242 vs poorer 0.9242 -> cross-mask NOT applicable
full              hard         0.9242   0.901  0.38  +0.0033  +0.0000   0.75  0.004  0.006
full              cross_mask   0.9242   0.904  0.38  +0.0033  +0.0000   0.75  0.002  0.002
prot50            hard         0.9075   0.894  0.35  +0.0058  +0.0017   0.70  0.004  0.006
prot50            cross_mask   0.9075   0.896  0.38  +0.0067  +0.0017   0.69  0.004  0.006
prot25            hard         0.8742   0.874  0.48  +0.0092  +0.0017   0.61  0.006  0.010
prot25            cross_mask   0.8742   0.881  0.50  +0.0150  +0.0008   0.59  0.007  0.013
scaffold          hard         0.8775   0.875  0.65  +0.0183  +0.0125   0.65  0.016  0.025
scaffold          cross_mask   0.8775   0.877  0.68  +0.0167  +0.0108   0.64  0.018  0.027
scaffold_prot50   hard         0.8583   0.870  0.73  +0.0242  +0.0275   0.63  0.032  0.050
scaffold_prot50   cross_mask   0.8583   0.871  0.73  +0.0233  +0.0275   0.63  0.029  0.046

0/10 cells exceed the harm budget -> results/drugban_human_random_s2_pool-source/guard.csv
condition         target         base     tgt  beta  blanket     gate  apply  joint   cond
  pre-flight: richer host 0.9242 vs poorer 0.9242 -> cross-mask NOT applicable
full              hard         0.9242   0.901  0.38  +0.0033  +0.0000   0.75  0.004  0.006
full              cross_mask   0.9242   0.904  0.38  +0.0033  +0.0000   0.75  0.002  0.002
prot50            hard         0.9075   0.894  0.35  +0.0058  +0.0017   0.70  0.004  0.006
prot50            cross_mask   0.9075   0.896  0.38  +0.0067  +0.0017   0.69  0.004  0.006
prot25            hard         0.8742   0.874  0.48  +0.0092  +0.0017   0.61  0.006  0.010
prot25            cross_mask   0.8742   0.881  0.50  +0.0150  +0.0008   0.59  0.007  0.013
scaffold          hard         0.8775   0.875  0.65  +0.0183  +0.0125   0.65  0.016  0.025
scaffold          cross_mask   0.8775   0.877  0.68  +0.0167  +0.0108   0.64  0.018  0.027
scaffold_prot50   hard         0.8583   0.870  0.73  +0.0242  +0.0275   0.63  0.032  0.050
scaffold_prot50   cross_mask   0.8583   0.871  0.73  +0.0233  +0.0275   0.63  0.029  0.046

0/10 cells exceed the harm budget -> results/drugban_human_random_s2_pool-source/guard.csv
condition         target         base     tgt  beta  blanket     gate  apply  joint   cond
  pre-flight: richer host 0.9242 vs poorer 0.9242 -> cross-mask NOT applicable
full              hard         0.9242   0.901  0.38  +0.0033  +0.0000   0.75  0.004  0.006
full              cross_mask   0.9242   0.904  0.38  +0.0033  +0.0000   0.75  0.002  0.002
prot50            hard         0.9075   0.894  0.35  +0.0058  +0.0017   0.70  0.004  0.006
prot50            cross_mask   0.9075   0.896  0.38  +0.0067  +0.0017   0.69  0.004  0.006
prot25            hard         0.8742   0.874  0.48  +0.0092  +0.0017   0.61  0.006  0.010
prot25            cross_mask   0.8742   0.881  0.50  +0.0150  +0.0008   0.59  0.007  0.013
scaffold          hard         0.8775   0.875  0.65  +0.0183  +0.0125   0.65  0.016  0.025
scaffold          cross_mask   0.8775   0.877  0.68  +0.0167  +0.0108   0.64  0.018  0.027
scaffold_prot50   hard         0.8583   0.870  0.73  +0.0242  +0.0275   0.63  0.032  0.050
scaffold_prot50   cross_mask   0.8583   0.871  0.73  +0.0233  +0.0275   0.63  0.029  0.046

0/10 cells exceed the harm budget -> results/drugban_human_random_s2_pool-source/guard.csv
