condition         target         base     tgt  beta  blanket     gate  apply  joint   cond
  pre-flight: richer host 0.9292 vs poorer 0.9292 -> cross-mask NOT applicable
full              hard         0.9292   0.884  0.10  +0.0017  +0.0008   0.91  0.002  0.002
full              cross_mask   0.9292   0.884  0.08  +0.0008  +0.0008   0.96  0.000  0.000
prot50            hard         0.9125   0.875  0.28  +0.0000  +0.0000   0.70  0.003  0.004
prot50            cross_mask   0.9125   0.877  0.28  +0.0000  +0.0000   0.69  0.003  0.004
prot25            hard         0.8642   0.858  0.45  +0.0233  +0.0008   0.58  0.013  0.023
prot25            cross_mask   0.8642   0.862  0.43  +0.0192  +0.0008   0.58  0.011  0.019
scaffold          hard         0.8608   0.873  0.65  +0.0300  +0.0167   0.56  0.020  0.036
scaffold          cross_mask   0.8608   0.873  0.62  +0.0292  +0.0150   0.56  0.020  0.036
scaffold_prot50   hard         0.8417   0.854  0.70  +0.0383  +0.0267   0.53  0.028  0.052
scaffold_prot50   cross_mask   0.8417   0.856  0.70  +0.0383  +0.0250   0.52  0.026  0.049

0/10 cells exceed the harm budget -> results/drugban_human_random_s42_pool-source/guard.csv
condition         target         base     tgt  beta  blanket     gate  apply  joint   cond
  pre-flight: richer host 0.9292 vs poorer 0.9292 -> cross-mask NOT applicable
full              hard         0.9292   0.884  0.10  +0.0017  +0.0008   0.91  0.002  0.002
full              cross_mask   0.9292   0.884  0.08  +0.0008  +0.0008   0.96  0.000  0.000
prot50            hard         0.9125   0.875  0.28  +0.0000  +0.0000   0.70  0.003  0.004
prot50            cross_mask   0.9125   0.877  0.28  +0.0000  +0.0000   0.69  0.003  0.004
prot25            hard         0.8642   0.858  0.45  +0.0233  +0.0008   0.58  0.013  0.023
prot25            cross_mask   0.8642   0.862  0.43  +0.0192  +0.0008   0.58  0.011  0.019
scaffold          hard         0.8608   0.873  0.65  +0.0300  +0.0167   0.56  0.020  0.036
scaffold          cross_mask   0.8608   0.873  0.62  +0.0292  +0.0150   0.56  0.020  0.036
scaffold_prot50   hard         0.8417   0.854  0.70  +0.0383  +0.0267   0.53  0.028  0.052
scaffold_prot50   cross_mask   0.8417   0.856  0.70  +0.0383  +0.0250   0.52  0.026  0.049

0/10 cells exceed the harm budget -> results/drugban_human_random_s42_pool-source/guard.csv
condition         target         base     tgt  beta  blanket     gate  apply  joint   cond
  pre-flight: richer host 0.9292 vs poorer 0.9292 -> cross-mask NOT applicable
full              hard         0.9292   0.884  0.10  +0.0017  +0.0008   0.91  0.002  0.002
full              cross_mask   0.9292   0.884  0.08  +0.0008  +0.0008   0.96  0.000  0.000
prot50            hard         0.9125   0.875  0.28  +0.0000  +0.0000   0.70  0.003  0.004
prot50            cross_mask   0.9125   0.877  0.28  +0.0000  +0.0000   0.69  0.003  0.004
prot25            hard         0.8642   0.858  0.45  +0.0233  +0.0008   0.58  0.013  0.023
prot25            cross_mask   0.8642   0.862  0.43  +0.0192  +0.0008   0.58  0.011  0.019
scaffold          hard         0.8608   0.873  0.65  +0.0300  +0.0167   0.56  0.020  0.036
scaffold          cross_mask   0.8608   0.873  0.62  +0.0292  +0.0150   0.56  0.020  0.036
scaffold_prot50   hard         0.8417   0.854  0.70  +0.0383  +0.0267   0.53  0.028  0.052
scaffold_prot50   cross_mask   0.8417   0.856  0.70  +0.0383  +0.0250   0.52  0.026  0.049

0/10 cells exceed the harm budget -> results/drugban_human_random_s42_pool-source/guard.csv
