condition         target         base     tgt  beta  blanket     gate  apply  joint   cond
  pre-flight: richer host 0.9383 vs poorer 0.9383 -> cross-mask NOT applicable
full              hard         0.9383   0.894  0.20  -0.0025  +0.0000   0.85  0.007  0.009
full              cross_mask   0.9383   0.892  0.20  -0.0025  +0.0000   0.85  0.005  0.006
prot50            hard         0.9267   0.877  0.25  -0.0042  +0.0000   0.77  0.003  0.004
prot50            cross_mask   0.9267   0.876  0.23  -0.0050  +0.0000   0.78  0.003  0.003
prot25            hard         0.8700   0.873  0.45  +0.0200  +0.0017   0.63  0.009  0.015
prot25            cross_mask   0.8700   0.863  0.43  +0.0167  +0.0000   0.64  0.007  0.012
scaffold          hard         0.8908   0.886  0.58  +0.0158  +0.0042   0.71  0.016  0.022
scaffold          cross_mask   0.8908   0.886  0.58  +0.0150  +0.0042   0.71  0.013  0.019
scaffold_prot50   hard         0.8825   0.874  0.60  +0.0183  +0.0092   0.67  0.018  0.028
scaffold_prot50   cross_mask   0.8825   0.874  0.62  +0.0217  +0.0083   0.64  0.017  0.026

0/10 cells exceed the harm budget -> results/drugban_human_random_s1_pool-source/guard.csv
condition         target         base     tgt  beta  blanket     gate  apply  joint   cond
  pre-flight: richer host 0.9383 vs poorer 0.9383 -> cross-mask NOT applicable
full              hard         0.9383   0.894  0.20  -0.0025  +0.0000   0.85  0.007  0.009
full              cross_mask   0.9383   0.892  0.20  -0.0025  +0.0000   0.85  0.005  0.006
prot50            hard         0.9267   0.877  0.25  -0.0042  +0.0000   0.77  0.003  0.004
prot50            cross_mask   0.9267   0.876  0.23  -0.0050  +0.0000   0.78  0.003  0.003
prot25            hard         0.8700   0.873  0.45  +0.0200  +0.0017   0.63  0.009  0.015
prot25            cross_mask   0.8700   0.863  0.43  +0.0167  +0.0000   0.64  0.007  0.012
scaffold          hard         0.8908   0.886  0.58  +0.0158  +0.0042   0.71  0.016  0.022
scaffold          cross_mask   0.8908   0.886  0.58  +0.0150  +0.0042   0.71  0.013  0.019
scaffold_prot50   hard         0.8825   0.874  0.60  +0.0183  +0.0092   0.67  0.018  0.028
scaffold_prot50   cross_mask   0.8825   0.874  0.62  +0.0217  +0.0083   0.64  0.017  0.026

0/10 cells exceed the harm budget -> results/drugban_human_random_s1_pool-source/guard.csv
condition         target         base     tgt  beta  blanket     gate  apply  joint   cond
  pre-flight: richer host 0.9383 vs poorer 0.9383 -> cross-mask NOT applicable
full              hard         0.9383   0.894  0.20  -0.0025  +0.0000   0.85  0.007  0.009
full              cross_mask   0.9383   0.892  0.20  -0.0025  +0.0000   0.85  0.005  0.006
prot50            hard         0.9267   0.877  0.25  -0.0042  +0.0000   0.77  0.003  0.004
prot50            cross_mask   0.9267   0.876  0.23  -0.0050  +0.0000   0.78  0.003  0.003
prot25            hard         0.8700   0.873  0.45  +0.0200  +0.0017   0.63  0.009  0.015
prot25            cross_mask   0.8700   0.863  0.43  +0.0167  +0.0000   0.64  0.007  0.012
scaffold          hard         0.8908   0.886  0.58  +0.0158  +0.0042   0.71  0.016  0.022
scaffold          cross_mask   0.8908   0.886  0.58  +0.0150  +0.0042   0.71  0.013  0.019
scaffold_prot50   hard         0.8825   0.874  0.60  +0.0183  +0.0092   0.67  0.018  0.028
scaffold_prot50   cross_mask   0.8825   0.874  0.62  +0.0217  +0.0083   0.64  0.017  0.026

0/10 cells exceed the harm budget -> results/drugban_human_random_s1_pool-source/guard.csv
