/usr/pkg/lib/python3.12/site-packages/torch/cuda/__init__.py:65: FutureWarning: The pynvml package is deprecated. Please install nvidia-ml-py instead. If you did not install pynvml directly, please report this to the maintainers of the package that installed pynvml for you.
  import pynvml  # type: ignore[import]
pre-flight on the deployment distribution: richer host 0.3600 vs poorer 0.4900 -> cross-mask NOT applicable
seed0 low_cost_accels_only   hard        base=0.5854 tgt=0.417 gate=+0.0000 harm=0.000
seed0 low_cost_accels_only   cross_mask  base=0.5854 tgt=0.466 gate=+0.0000 harm=0.000
seed0 no_shoes               hard        base=0.6626 tgt=0.416 gate=+0.0009 harm=0.000
seed0 no_shoes               cross_mask  base=0.6626 tgt=0.488 gate=+0.0000 harm=0.000
seed0 no_imu_family          hard        base=0.4319 tgt=0.416 gate=+0.0707 harm=0.007
seed0 no_imu_family          cross_mask  base=0.4319 tgt=0.493 gate=+0.0000 harm=0.000
seed0 severe_three_sensors   hard        base=0.6051 tgt=0.421 gate=+0.0005 harm=0.002
seed0 severe_three_sensors   cross_mask  base=0.6051 tgt=0.331 gate=+0.0000 harm=0.000
seed1 low_cost_accels_only   hard        base=0.6163 tgt=0.471 gate=+0.0000 harm=0.000
seed1 low_cost_accels_only   cross_mask  base=0.6163 tgt=0.407 gate=+0.0005 harm=0.016
seed1 no_shoes               hard        base=0.6439 tgt=0.475 gate=+0.0000 harm=0.003
seed1 no_shoes               cross_mask  base=0.6439 tgt=0.394 gate=-0.0014 harm=0.013
seed1 no_imu_family          hard        base=0.4076 tgt=0.485 gate=+0.1245 harm=0.013
seed1 no_imu_family          cross_mask  base=0.4076 tgt=0.432 gate=+0.0000 harm=0.000
seed1 severe_three_sensors   hard        base=0.6121 tgt=0.562 gate=+0.0005 harm=0.000
seed1 severe_three_sensors   cross_mask  base=0.6121 tgt=0.252 gate=+0.0000 harm=0.000
seed2 low_cost_accels_only   hard        base=0.6341 tgt=0.426 gate=+0.0019 harm=0.000
seed2 low_cost_accels_only   cross_mask  base=0.6341 tgt=0.373 gate=+0.0000 harm=0.000
seed2 no_shoes               hard        base=0.6696 tgt=0.426 gate=+0.0009 harm=0.005
seed2 no_shoes               cross_mask  base=0.6696 tgt=0.372 gate=+0.0000 harm=0.000
seed2 no_imu_family          hard        base=0.4595 tgt=0.426 gate=+0.0140 harm=0.003
seed2 no_imu_family          cross_mask  base=0.4595 tgt=0.431 gate=+0.0000 harm=0.000
seed2 severe_three_sensors   hard        base=0.5948 tgt=0.433 gate=+0.0000 harm=0.000
seed2 severe_three_sensors   cross_mask  base=0.5948 tgt=0.275 gate=+0.0000 harm=0.000

0/24 cells exceed the harm budget -> results/opportunity_deployment_nL300_fixedhost/guard.csv
