/usr/pkg/lib/python3.12/site-packages/torch/cuda/__init__.py:65: FutureWarning: The pynvml package is deprecated. Please install nvidia-ml-py instead. If you did not install pynvml directly, please report this to the maintainers of the package that installed pynvml for you.
  import pynvml  # type: ignore[import]
pre-flight on the deployment distribution: richer host 0.4050 vs poorer 0.5913 -> cross-mask NOT applicable
seed0 low_cost_accels_only   hard        base=0.5854 tgt=0.732 gate=+0.1507 harm=0.110
seed0 low_cost_accels_only   cross_mask  base=0.5854 tgt=0.426 gate=+0.0000 harm=0.000
seed0 no_shoes               hard        base=0.6626 tgt=0.729 gate=+0.0749 harm=0.070
seed0 no_shoes               cross_mask  base=0.6626 tgt=0.418 gate=+0.0000 harm=0.000
seed0 no_imu_family          hard        base=0.4319 tgt=0.721 gate=+0.2691 harm=0.058
seed0 no_imu_family          cross_mask  base=0.4319 tgt=0.460 gate=+0.0000 harm=0.019
seed0 severe_three_sensors   hard        base=0.6051 tgt=0.754 gate=+0.1451 harm=0.082
seed0 severe_three_sensors   cross_mask  base=0.6051 tgt=0.396 gate=-0.0023 harm=0.000
seed1 low_cost_accels_only   hard        base=0.6163 tgt=0.661 gate=+0.0571 harm=0.082
seed1 low_cost_accels_only   cross_mask  base=0.6163 tgt=0.435 gate=+0.0005 harm=0.004
seed1 no_shoes               hard        base=0.6439 tgt=0.662 gate=+0.0505 harm=0.066
seed1 no_shoes               cross_mask  base=0.6439 tgt=0.434 gate=-0.0028 harm=0.000
seed1 no_imu_family          hard        base=0.4076 tgt=0.648 gate=+0.2312 harm=0.087
seed1 no_imu_family          cross_mask  base=0.4076 tgt=0.454 gate=+0.0000 harm=0.067
seed1 severe_three_sensors   hard        base=0.6121 tgt=0.731 gate=+0.1334 harm=0.070
seed1 severe_three_sensors   cross_mask  base=0.6121 tgt=0.399 gate=+0.0000 harm=0.012
seed2 low_cost_accels_only   hard        base=0.6341 tgt=0.736 gate=+0.0983 harm=0.104
seed2 low_cost_accels_only   cross_mask  base=0.6341 tgt=0.374 gate=+0.0000 harm=0.000
seed2 no_shoes               hard        base=0.6696 tgt=0.723 gate=+0.0693 harm=0.066
seed2 no_shoes               cross_mask  base=0.6696 tgt=0.374 gate=-0.0023 harm=0.000
seed2 no_imu_family          hard        base=0.4595 tgt=0.715 gate=+0.2480 harm=0.084
seed2 no_imu_family          cross_mask  base=0.4595 tgt=0.418 gate=+0.0000 harm=0.022
seed2 severe_three_sensors   hard        base=0.5948 tgt=0.771 gate=+0.1483 harm=0.053
seed2 severe_three_sensors   cross_mask  base=0.5948 tgt=0.349 gate=+0.0000 harm=0.007

0/24 cells exceed the harm budget -> results/opportunity_deployment_nL2400_fixedhost/guard.csv
