pre-flight on the deployment distribution: richer host 0.4286 vs poorer 0.5779 -> cross-mask NOT applicable
seed0 low_cost_accels_only   hard        base=0.5859 tgt=0.798 gate=+0.2026 harm=0.101
seed0 low_cost_accels_only   cross_mask  base=0.5859 tgt=0.424 gate=-0.0023 harm=0.000
seed0 no_shoes               hard        base=0.6631 tgt=0.813 gate=+0.1488 harm=0.076
seed0 no_shoes               cross_mask  base=0.6631 tgt=0.418 gate=-0.0042 harm=0.000
seed0 no_imu_family          hard        base=0.4319 tgt=0.789 gate=+0.3458 harm=0.055
seed0 no_imu_family          cross_mask  base=0.4319 tgt=0.440 gate=+0.0005 harm=0.038
seed0 severe_three_sensors   hard        base=0.6051 tgt=0.796 gate=+0.1891 harm=0.074
seed0 severe_three_sensors   cross_mask  base=0.6051 tgt=0.416 gate=-0.0023 harm=0.001
seed1 low_cost_accels_only   hard        base=0.6163 tgt=0.793 gate=+0.1657 harm=0.090
seed1 low_cost_accels_only   cross_mask  base=0.6163 tgt=0.428 gate=+0.0009 harm=0.001
seed1 no_shoes               hard        base=0.6439 tgt=0.796 gate=+0.1586 harm=0.083
seed1 no_shoes               cross_mask  base=0.6439 tgt=0.430 gate=-0.0009 harm=0.000
seed1 no_imu_family          hard        base=0.4076 tgt=0.783 gate=+0.3636 harm=0.066
seed1 no_imu_family          cross_mask  base=0.4076 tgt=0.449 gate=+0.0033 harm=0.051
seed1 severe_three_sensors   hard        base=0.6121 tgt=0.792 gate=+0.1844 harm=0.072
seed1 severe_three_sensors   cross_mask  base=0.6121 tgt=0.406 gate=+0.0000 harm=0.020
seed2 low_cost_accels_only   hard        base=0.6341 tgt=0.789 gate=+0.1614 harm=0.091
seed2 low_cost_accels_only   cross_mask  base=0.6341 tgt=0.415 gate=-0.0005 harm=0.000
seed2 no_shoes               hard        base=0.6701 tgt=0.810 gate=+0.1474 harm=0.086
seed2 no_shoes               cross_mask  base=0.6701 tgt=0.405 gate=-0.0023 harm=0.000
seed2 no_imu_family          hard        base=0.4595 tgt=0.781 gate=+0.3046 harm=0.060
seed2 no_imu_family          cross_mask  base=0.4595 tgt=0.426 gate=+0.0005 harm=0.008
seed2 severe_three_sensors   hard        base=0.5943 tgt=0.814 gate=+0.2199 harm=0.059
seed2 severe_three_sensors   cross_mask  base=0.5943 tgt=0.373 gate=+0.0000 harm=0.010

0/24 cells exceed the harm budget -> results/opportunity_deployment/guard.csv
/usr/pkg/lib/python3.12/site-packages/torch/cuda/__init__.py:65: FutureWarning: The pynvml package is deprecated. Please install nvidia-ml-py instead. If you did not install pynvml directly, please report this to the maintainers of the package that installed pynvml for you.
  import pynvml  # type: ignore[import]
pre-flight on the deployment distribution: richer host 0.4300 vs poorer 0.5779 -> cross-mask NOT applicable
seed0 low_cost_accels_only   hard        base=0.5854 tgt=0.798 gate=+0.2031 harm=0.101
seed0 low_cost_accels_only   cross_mask  base=0.5854 tgt=0.423 gate=-0.0019 harm=0.000
seed0 no_shoes               hard        base=0.6626 tgt=0.813 gate=+0.1493 harm=0.076
seed0 no_shoes               cross_mask  base=0.6626 tgt=0.416 gate=-0.0033 harm=0.000
seed0 no_imu_family          hard        base=0.4319 tgt=0.789 gate=+0.3458 harm=0.055
seed0 no_imu_family          cross_mask  base=0.4319 tgt=0.438 gate=+0.0000 harm=0.039
seed0 severe_three_sensors   hard        base=0.6051 tgt=0.796 gate=+0.1891 harm=0.074
seed0 severe_three_sensors   cross_mask  base=0.6051 tgt=0.416 gate=-0.0023 harm=0.001
seed1 low_cost_accels_only   hard        base=0.6163 tgt=0.793 gate=+0.1657 harm=0.090
seed1 low_cost_accels_only   cross_mask  base=0.6163 tgt=0.428 gate=+0.0009 harm=0.001
seed1 no_shoes               hard        base=0.6439 tgt=0.796 gate=+0.1586 harm=0.083
seed1 no_shoes               cross_mask  base=0.6439 tgt=0.430 gate=-0.0005 harm=0.000
seed1 no_imu_family          hard        base=0.4076 tgt=0.783 gate=+0.3636 harm=0.066
seed1 no_imu_family          cross_mask  base=0.4076 tgt=0.449 gate=+0.0033 harm=0.051
seed1 severe_three_sensors   hard        base=0.6121 tgt=0.792 gate=+0.1844 harm=0.072
seed1 severe_three_sensors   cross_mask  base=0.6121 tgt=0.406 gate=+0.0000 harm=0.020
seed2 low_cost_accels_only   hard        base=0.6341 tgt=0.789 gate=+0.1614 harm=0.091
seed2 low_cost_accels_only   cross_mask  base=0.6341 tgt=0.415 gate=+0.0000 harm=0.000
seed2 no_shoes               hard        base=0.6696 tgt=0.810 gate=+0.1479 harm=0.086
seed2 no_shoes               cross_mask  base=0.6696 tgt=0.405 gate=-0.0019 harm=0.000
seed2 no_imu_family          hard        base=0.4595 tgt=0.781 gate=+0.3046 harm=0.059
seed2 no_imu_family          cross_mask  base=0.4595 tgt=0.426 gate=+0.0005 harm=0.008
seed2 severe_three_sensors   hard        base=0.5948 tgt=0.814 gate=+0.2195 harm=0.059
seed2 severe_three_sensors   cross_mask  base=0.5948 tgt=0.373 gate=+0.0000 harm=0.011

0/24 cells exceed the harm budget -> results/opportunity_deployment/guard.csv
